#
# There is insufficient memory for the Java Runtime Environment to continue.
# Native memory allocation (mmap) failed to map 268435456 bytes. Error detail: G1 virtual space
# Possible reasons:
#   The system is out of physical RAM or swap space
#   This process is running with CompressedOops enabled, and the Java Heap may be blocking the growth of the native heap
# Possible solutions:
#   Reduce memory load on the system
#   Increase physical memory or swap space
#   Check if swap backing store is full
#   Decrease Java heap size (-Xmx/-Xms)
#   Decrease number of Java threads
#   Decrease Java thread stack sizes (-Xss)
#   Set larger code cache with -XX:ReservedCodeCacheSize=
#   JVM is running with Zero Based Compressed Oops mode in which the Java heap is
#     placed in the first 32GB address space. The Java Heap base address is the
#     maximum limit for the native heap growth. Please use -XX:HeapBaseMinAddress
#     to set the Java Heap base and to place the Java Heap above 32GB virtual address.
# This output file may be truncated or incomplete.
#
#  Out of Memory Error (os_windows.cpp:3925), pid=6776, tid=6344
#
# JRE version:  (21.0.9+1) (build )
# Java VM: OpenJDK 64-Bit Server VM (21.0.9+1-b1163.86, mixed mode, sharing, tiered, compressed oops, compressed class ptrs, g1 gc, windows-amd64)
# No core dump will be written. Minidumps are not enabled by default on client versions of Windows
#

---------------  S U M M A R Y ------------

Command Line: com.intellij.mcpserver.stdio.McpStdioRunnerKt

Host: Intel(R) Xeon(R) CPU E5-1650 v4 @ 3.60GHz, 12 cores, 15G,  Windows 10 , 64 bit Build 19041 (10.0.19041.5915)
Time: Thu Apr  2 17:29:53 2026 Central Daylight Time elapsed time: 0.400473 seconds (0d 0h 0m 0s)

---------------  T H R E A D  ---------------

Current thread (0x0000021886504f90):  JavaThread "Unknown thread" [_thread_in_vm, id=6344, stack(0x0000003822100000,0x0000003822200000) (1024K)]

Stack: [0x0000003822100000,0x0000003822200000]
Native frames: (J=compiled Java code, j=interpreted, Vv=VM code, C=native code)
V  [jvm.dll+0x6ec339]
V  [jvm.dll+0x8cc463]
V  [jvm.dll+0x8cea7e]
V  [jvm.dll+0x8cf163]
V  [jvm.dll+0x28b006]
V  [jvm.dll+0x6e8b15]
V  [jvm.dll+0x6dc1aa]
V  [jvm.dll+0x366a7b]
V  [jvm.dll+0x36e666]
V  [jvm.dll+0x3c0bd6]
V  [jvm.dll+0x3c0ea8]
V  [jvm.dll+0x33922c]
V  [jvm.dll+0x339f1b]
V  [jvm.dll+0x893b29]
V  [jvm.dll+0x3cdda8]
V  [jvm.dll+0x87ca68]
V  [jvm.dll+0x462a4e]
V  [jvm.dll+0x464731]
C  [jli.dll+0x52ab]
C  [ucrtbase.dll+0x21bb2]
C  [KERNEL32.DLL+0x17374]
C  [ntdll.dll+0x4cc91]


---------------  P R O C E S S  ---------------

Threads class SMR info:
_java_thread_list=0x00007ffa05a252c8, length=0, elements={
}

Java Threads: ( => current thread )
Total: 0

Other Threads:
  0x0000021888879b40 WorkerThread "GC Thread#0"                     [id=17828, stack(0x0000003822200000,0x0000003822300000) (1024K)]
  0x000002188888b2c0 ConcurrentGCThread "G1 Main Marker"            [id=12608, stack(0x0000003822300000,0x0000003822400000) (1024K)]
  0x000002188888c460 WorkerThread "G1 Conc#0"                       [id=16940, stack(0x0000003822400000,0x0000003822500000) (1024K)]

[error occurred during error reporting (printing all threads), id 0xc0000005, EXCEPTION_ACCESS_VIOLATION (0xc0000005) at pc=0x00007ffa0510c287]
VM state: not at safepoint (not fully initialized)

VM Mutex/Monitor currently owned by a thread:  ([mutex/lock_event])
[0x00007ffa05a99e30] Heap_lock - owner thread: 0x0000021886504f90

Heap address: 0x0000000701200000, size: 4078 MB, Compressed Oops mode: Zero based, Oop shift amount: 3

CDS archive(s) mapped at: [0x0000000000000000-0x0000000000000000-0x0000000000000000), size 0, SharedBaseAddress: 0x0000000800000000, ArchiveRelocationMode: 1.
Narrow klass base: 0x0000000000000000, Narrow klass shift: 0, Narrow klass range: 0x0

GC Precious Log:
 CardTable entry size: 512
 Card Set container configuration: InlinePtr #cards 4 size 8 Array Of Cards #cards 16 size 48 Howl #buckets 8 coarsen threshold 3686 Howl Bitmap #cards 512 size 80 coarsen threshold 460 Card regions per heap region 1 cards per card region 4096

Heap:
 garbage-first heap   total 0K, used 0K [0x0000000701200000, 0x0000000800000000)
  region size 2048K, 0 young (0K), 0 survivors (0K)
 Metaspace       used 0K, committed 0K, reserved 0K
  class space    used 0K, committed 0K, reserved 0K

Heap Regions: E=young(eden), S=young(survivor), O=old, HS=humongous(starts), HC=humongous(continues), CS=collection set, F=free, TAMS=top-at-mark-start, PB=parsable bottom

Card table byte_map: [0x000002189c5c0000,0x000002189cdc0000] _byte_map_base: 0x0000021898db7000

Marking Bits: (CMBitMap*) 0x000002188887a950
 Bits: [0x000002189cdc0000, 0x00000218a0d78000)

GC Heap History (0 events):
No events

Dll operation events (1 events):
Event: 0.020 Loaded shared library C:\Program Files\JetBrains\IntelliJ IDEA 2025.3.1.1\jbr\bin\java.dll

Deoptimization events (0 events):
No events

Classes loaded (0 events):
No events

Classes unloaded (0 events):
No events

Classes redefined (0 events):
No events

Internal exceptions (0 events):
No events

ZGC Phase Switch (0 events):
No events

VM Operations (0 events):
No events

Memory protections (0 events):
No events

Nmethod flushes (0 events):
No events

Events (0 events):
No events


Dynamic libraries:
0x00007ff624fb0000 - 0x00007ff624fba000 	C:\Program Files\JetBrains\IntelliJ IDEA 2025.3.1.1\jbr\bin\java.exe
0x00007ffa4cfb0000 - 0x00007ffa4d1a8000 	C:\WINDOWS\SYSTEM32\ntdll.dll
0x00007ffa4b730000 - 0x00007ffa4b7f2000 	C:\WINDOWS\System32\KERNEL32.DLL
0x00007ffa4aa50000 - 0x00007ffa4ad46000 	C:\WINDOWS\System32\KERNELBASE.dll
0x00007ffa4a640000 - 0x00007ffa4a740000 	C:\WINDOWS\System32\ucrtbase.dll
0x00007ffa38310000 - 0x00007ffa3832b000 	C:\Program Files\JetBrains\IntelliJ IDEA 2025.3.1.1\jbr\bin\VCRUNTIME140.dll
0x00007ffa467f0000 - 0x00007ffa46808000 	C:\Program Files\JetBrains\IntelliJ IDEA 2025.3.1.1\jbr\bin\jli.dll
0x00007ffa4b580000 - 0x00007ffa4b721000 	C:\WINDOWS\System32\USER32.dll
0x00007ffa4a870000 - 0x00007ffa4a892000 	C:\WINDOWS\System32\win32u.dll
0x00007ffa4b4f0000 - 0x00007ffa4b51b000 	C:\WINDOWS\System32\GDI32.dll
0x00007ffa3cd90000 - 0x00007ffa3d02b000 	C:\WINDOWS\WinSxS\amd64_microsoft.windows.common-controls_6595b64144ccf1df_6.0.19041.6456_none_60b8a6cb71f64256\COMCTL32.dll
0x00007ffa4a930000 - 0x00007ffa4aa49000 	C:\WINDOWS\System32\gdi32full.dll
0x00007ffa4af30000 - 0x00007ffa4afcd000 	C:\WINDOWS\System32\msvcp_win.dll
0x00007ffa4bdf0000 - 0x00007ffa4be8e000 	C:\WINDOWS\System32\msvcrt.dll
0x00007ffa4bbc0000 - 0x00007ffa4bbef000 	C:\WINDOWS\System32\IMM32.DLL
0x00007ffa42810000 - 0x00007ffa4281c000 	C:\Program Files\JetBrains\IntelliJ IDEA 2025.3.1.1\jbr\bin\vcruntime140_1.dll
0x00007ffa2a030000 - 0x00007ffa2a0bd000 	C:\Program Files\JetBrains\IntelliJ IDEA 2025.3.1.1\jbr\bin\msvcp140.dll
0x00007ffa04dc0000 - 0x00007ffa05b8d000 	C:\Program Files\JetBrains\IntelliJ IDEA 2025.3.1.1\jbr\bin\server\jvm.dll
0x00007ffa4b060000 - 0x00007ffa4b111000 	C:\WINDOWS\System32\ADVAPI32.dll
0x00007ffa4be90000 - 0x00007ffa4bf2f000 	C:\WINDOWS\System32\sechost.dll
0x00007ffa4b810000 - 0x00007ffa4b930000 	C:\WINDOWS\System32\RPCRT4.dll
0x00007ffa4af00000 - 0x00007ffa4af27000 	C:\WINDOWS\System32\bcrypt.dll
0x00007ffa4b480000 - 0x00007ffa4b4eb000 	C:\WINDOWS\System32\WS2_32.dll
0x00007ffa49b80000 - 0x00007ffa49bcb000 	C:\WINDOWS\SYSTEM32\POWRPROF.dll
0x00007ffa49900000 - 0x00007ffa4990a000 	C:\WINDOWS\SYSTEM32\VERSION.dll
0x00007ffa3fd80000 - 0x00007ffa3fda7000 	C:\WINDOWS\SYSTEM32\WINMM.dll
0x00007ffa49a80000 - 0x00007ffa49a92000 	C:\WINDOWS\SYSTEM32\UMPDC.dll
0x00007ffa492e0000 - 0x00007ffa492f2000 	C:\WINDOWS\SYSTEM32\kernel.appcore.dll
0x00007ffa38f70000 - 0x00007ffa38f7a000 	C:\Program Files\JetBrains\IntelliJ IDEA 2025.3.1.1\jbr\bin\jimage.dll
0x00007ffa3bb60000 - 0x00007ffa3bd61000 	C:\WINDOWS\SYSTEM32\DBGHELP.DLL
0x00007ffa371c0000 - 0x00007ffa371f4000 	C:\WINDOWS\SYSTEM32\dbgcore.DLL
0x00007ffa4a8a0000 - 0x00007ffa4a922000 	C:\WINDOWS\System32\bcryptPrimitives.dll
0x00007ffa33c50000 - 0x00007ffa33c70000 	C:\Program Files\JetBrains\IntelliJ IDEA 2025.3.1.1\jbr\bin\java.dll

JVMTI agents: none

dbghelp: loaded successfully - version: 4.0.5 - missing functions: none
symbol engine: initialized successfully - sym options: 0x614 - pdb path: .;C:\Program Files\JetBrains\IntelliJ IDEA 2025.3.1.1\jbr\bin;C:\WINDOWS\SYSTEM32;C:\WINDOWS\WinSxS\amd64_microsoft.windows.common-controls_6595b64144ccf1df_6.0.19041.6456_none_60b8a6cb71f64256;C:\Program Files\JetBrains\IntelliJ IDEA 2025.3.1.1\jbr\bin\server

VM Arguments:
java_command: com.intellij.mcpserver.stdio.McpStdioRunnerKt
java_class_path (initial): C:\Program Files\JetBrains\IntelliJ IDEA 2025.3.1.1\plugins\mcpserver\lib\mcpserver-frontend.jar;C:\Program Files\JetBrains\IntelliJ IDEA 2025.3.1.1\lib\util-8.jar;C:\Program Files\JetBrains\IntelliJ IDEA 2025.3.1.1\lib\module-intellij.libraries.ktor.client.cio.jar;C:\Program Files\JetBrains\IntelliJ IDEA 2025.3.1.1\lib\module-intellij.libraries.ktor.client.jar;C:\Program Files\JetBrains\IntelliJ IDEA 2025.3.1.1\lib\module-intellij.libraries.ktor.network.tls.jar;C:\Program Files\JetBrains\IntelliJ IDEA 2025.3.1.1\lib\module-intellij.libraries.ktor.io.jar;C:\Program Files\JetBrains\IntelliJ IDEA 2025.3.1.1\lib\module-intellij.libraries.ktor.utils.jar;C:\Program Files\JetBrains\IntelliJ IDEA 2025.3.1.1\lib\module-intellij.libraries.kotlinx.io.jar;C:\Program Files\JetBrains\IntelliJ IDEA 2025.3.1.1\lib\module-intellij.libraries.kotlinx.serialization.core.jar;C:\Program Files\JetBrains\IntelliJ IDEA 2025.3.1.1\lib\module-intellij.libraries.kotlinx.serialization.json.jar
Launcher Type: SUN_STANDARD

[Global flags]
     intx CICompilerCount                          = 4                                         {product} {ergonomic}
     uint ConcGCThreads                            = 3                                         {product} {ergonomic}
     uint G1ConcRefinementThreads                  = 10                                        {product} {ergonomic}
   size_t G1HeapRegionSize                         = 2097152                                   {product} {ergonomic}
    uintx GCDrainStackTargetSize                   = 64                                        {product} {ergonomic}
   size_t InitialHeapSize                          = 268435456                                 {product} {ergonomic}
   size_t MarkStackSize                            = 4194304                                   {product} {ergonomic}
   size_t MaxHeapSize                              = 4276092928                                {product} {ergonomic}
   size_t MinHeapDeltaBytes                        = 2097152                                   {product} {ergonomic}
   size_t MinHeapSize                              = 8388608                                   {product} {ergonomic}
    uintx NonNMethodCodeHeapSize                   = 5839372                                {pd product} {ergonomic}
    uintx NonProfiledCodeHeapSize                  = 122909434                              {pd product} {ergonomic}
    uintx ProfiledCodeHeapSize                     = 122909434                              {pd product} {ergonomic}
    uintx ReservedCodeCacheSize                    = 251658240                              {pd product} {ergonomic}
     bool SegmentedCodeCache                       = true                                      {product} {ergonomic}
   size_t SoftMaxHeapSize                          = 4276092928                             {manageable} {ergonomic}
     bool UseCompressedOops                        = true                           {product lp64_product} {ergonomic}
     bool UseG1GC                                  = true                                      {product} {ergonomic}
     bool UseLargePagesIndividualAllocation        = false                                  {pd product} {ergonomic}

Logging:
Log output configuration:
 #0: stdout all=warning uptime,level,tags foldmultilines=false
 #1: stderr all=off uptime,level,tags foldmultilines=false

Release file:
<release file has not been read>
Environment Variables:
JAVA_HOME=C:\Program Files\Eclipse Adoptium\jdk-11.0.29.7-hotspot\bin
PATH=C:\Program Files\Eclipse Adoptium\jdk-11.0.29.7-hotspot\bin;E:\Program Files\MySQL\bin;C:\WINDOWS\system32;C:\WINDOWS;C:\WINDOWS\System32\Wbem;C:\WINDOWS\System32\WindowsPowerShell\v1.0\;C:\WINDOWS\System32\OpenSSH\;C:\Program Files\dotnet\;C:\Program Files\Eclipse Adoptium\jdk-21.0.5_doc-all\bin;C:\Program Files\python;C:\Program Files\Eclipse Adoptium\jdk-11.0.29.7-hotspot\bin\bin;C:\php-devel-pack-8.4.4;C:\ProgramData\chocolatey\bin;C:\Program Files\PostgreSQL\17\bin;C:\Program Files\Git\cmd;E:\Program Files\Amazon\awscliv2\;C:\Program Files\Eclipse Adoptium\jdk-21.0.5_doc-all\bin;C:\Users\emorr\AppData\Local\Microsoft\WindowsApps;C:\Users\emorr\AppData\Local\Programs\Microsoft VS Code\bin;C:\Users\emorr\AppData\Local\GitHubDesktop\bin;C:\php-devel-pack-8.4.4;C:\Program Files\PostgreSQL\17\bin
USERNAME=emorr
SHELL=C:\Program Files\Git\bin\bash.exe
OS=Windows_NT
PROCESSOR_IDENTIFIER=Intel64 Family 6 Model 79 Stepping 1, GenuineIntel
TMP=C:\Users\emorr\AppData\Local\Temp
TEMP=C:\Users\emorr\AppData\Local\Temp




Periodic native trim disabled

JNI global refs:
JNI global refs: 0, weak refs: 0

JNI global refs memory usage: 0, weak refs: 0

Process memory usage:
Resident Set Size: 10944K (0% of 16697408K total physical memory with 3866068K free physical memory)

OOME stack traces (most recent first):
Classloader memory used:

---------------  S Y S T E M  ---------------

OS:
 Windows 10 , 64 bit Build 19041 (10.0.19041.5915)
OS uptime: 11 days 4:37 hours

CPU: total 12 (initial active 12) (6 cores per cpu, 2 threads per core) family 6 model 79 stepping 1 microcode 0xb000031, cx8, cmov, fxsr, ht, mmx, 3dnowpref, sse, sse2, sse3, ssse3, sse4.1, sse4.2, popcnt, lzcnt, tsc, tscinvbit, avx, avx2, aes, erms, clmul, bmi1, bmi2, rtm, adx, fma, vzeroupper, clflush, rdtscp, f16c
Processor Information for processor 0
  Max Mhz: 3601, Current Mhz: 3601, Mhz Limit: 3601
Processor Information for processor 1
  Max Mhz: 3601, Current Mhz: 1700, Mhz Limit: 3601
Processor Information for processor 2
  Max Mhz: 3601, Current Mhz: 1700, Mhz Limit: 3601
Processor Information for processor 3
  Max Mhz: 3601, Current Mhz: 1700, Mhz Limit: 3601
Processor Information for processor 4
  Max Mhz: 3601, Current Mhz: 3601, Mhz Limit: 3601
Processor Information for processor 5
  Max Mhz: 3601, Current Mhz: 3601, Mhz Limit: 3601
Processor Information for processor 6
  Max Mhz: 3601, Current Mhz: 1700, Mhz Limit: 3601
Processor Information for processor 7
  Max Mhz: 3601, Current Mhz: 3601, Mhz Limit: 3601
Processor Information for processor 8
  Max Mhz: 3601, Current Mhz: 1700, Mhz Limit: 3601
Processor Information for processor 9
  Max Mhz: 3601, Current Mhz: 1700, Mhz Limit: 3601
Processor Information for processor 10
  Max Mhz: 3601, Current Mhz: 3601, Mhz Limit: 3601
Processor Information for processor 11
  Max Mhz: 3601, Current Mhz: 3601, Mhz Limit: 3601

Memory: 4k page, system-wide physical 16306M (3775M free)
TotalPageFile size 24829M (AvailPageFile size 153M)
current process WorkingSet (physical memory assigned to process): 10M, peak: 10M
current process commit charge ("private bytes"): 64M, peak: 320M

vm_info: OpenJDK 64-Bit Server VM (21.0.9+1-b1163.86) for windows-amd64 JRE (21.0.9+1-b1163.86), built on 2025-12-02 by "builduser" with MS VC++ 16.10 / 16.11 (VS2019)

END.
